# PROTEIN DATABASE: test.fasta
# OPTIONS:
#	min-mass: 200.00
#	max-mass: 7200.00
#	min-length: 6
#	max-length: 50
#	enzyme: trypsin
#	digestion: full-digest
#	number of allowed missed-cleavages: 0
#	isotopic mass type: mono
#	verbosity: 30
2330.92	gi|16127996|ref|NP_414543.1|	220	19	ADCCEIWTDVDGVYTCDPR
2218.09	gi|6381999|ref|NP_009311.2|	271	18	AMKPFIEYFNNYQPLSTR
1399.67	gi|16127996|ref|NP_414543.1|	373	11	AMQEEFYLELK
1541.82	gi|16127996|ref|NP_414543.1|	423	15	ANINIVAIAQGSSER
2703.30	gi|6381999|ref|NP_009311.2|	106	22	CFSITFSLEDVLLANYLCTYFK
943.45	gi|16127996|ref|NP_414543.1|	300	8	DEDELPVK
1078.59	gi|6381999|ref|NP_009311.2|	234	9	DSYILDIIK
3058.40	gi|6381999|ref|NP_009311.2|	192	26	EFDLTLNPWLTGFNDADGYFYTGFQK
1325.72	gi|16127996|ref|NP_414543.1|	384	12	EGLLEPLAVTER
1059.60	gi|6381999|ref|NP_009311.2|	319	9	ELMLLQSVK
659.39	gi|6381999|ref|NP_009311.2|	140	6	ELTAVK
1470.68	gi|6381999|ref|NP_009311.2|	153	12	EQEVFMNYINGK
794.44	gi|16127996|ref|NP_414543.1|	416	7	FFAALAR
1107.53	gi|16127996|ref|NP_414543.1|	6	11	FGGTSVANAER
1000.53	gi|6381999|ref|NP_009311.2|	226	8	FHLELSQK
1286.57	gi|6381999|ref|NP_009311.2|	79	10	FLDNYTEEEK
841.50	gi|16127996|ref|NP_414543.1|	197	8	GELVVLGR
1306.69	gi|16127996|ref|NP_414543.1|	142	12	GHNVTVIDPVEK
1953.91	gi|16127996|ref|NP_414543.1|	308	19	GISNLNNMAMFSVSGPGMK
791.38	gi|16127996|ref|NP_414543.1|	327	8	GMVGMAAR
1923.90	gi|6381999|ref|NP_009311.2|	89	17	GYYLSGLFEGDGNIYTR
2543.31	gi|16127996|ref|NP_414543.1|	103	23	HVLHGISLLGQCPDSINAALICR
2268.29	gi|16127996|ref|NP_414543.1|	70	22	IFAELLTGLAAAQPGFPLAQLK
738.44	gi|6381999|ref|NP_009311.2|	128	7	IGHITAK
1900.92	gi|16127996|ref|NP_414543.1|	179	18	IPADHMVLMAGFTAGNEK
1721.90	gi|16127995|ref|NP_414542.1|	4	18	ISTTITTTITITTGNGAG
2960.43	gi|16127996|ref|NP_414543.1|	344	26	ISVVLITQSSSEYSISFCVPQSDCVR
1267.70	gi|16127996|ref|NP_414543.1|	43	11	ITNHLVAMIEK
1229.68	gi|16127996|ref|NP_414543.1|	396	12	LAIISVVGDGMR
1412.79	gi|6381999|ref|NP_009311.2|	307	12	LHMLTNSLLMLK
2073.07	gi|16127996|ref|NP_414543.1|	154	19	LLAVGHYLESTVDIAESTR
2608.11	gi|6382000|ref|NP_009314.2|	1	20	MFMMNNNMFIMFMIMYNVMR
1564.82	gi|6381999|ref|NP_009311.2|	1	13	MLMLLMMILTNNK
1360.72	gi|16127996|ref|NP_414543.1|	129	13	MSIAIMAGVLEAR
758.37	gi|6381999|ref|NP_009311.2|	335	6	NELNNR
1566.75	gi|16127996|ref|NP_414543.1|	205	15	NGSDYSAAVLAACLR
1954.98	gi|6381999|ref|NP_009311.2|	49	16	NLYESIMNNYINILNK
851.39	gi|6381999|ref|NP_009311.2|	328	7	NMSLEMK
774.40	gi|6381999|ref|NP_009311.2|	220	6	NSQWLK
1552.80	gi|16127996|ref|NP_414543.1|	284	16	NTGNPQAPGTLIGASR
1268.71	gi|16127996|ref|NP_414543.1|	30	13	QGQVATVLSAPAK
684.36	gi|16127996|ref|NP_414543.1|	239	6	QVPDAR
1463.88	gi|6381999|ref|NP_009311.2|	292	12	QYLLLNIAYLLK
972.49	gi|6381999|ref|NP_009311.2|	257	9	SGATAYIYK
1645.83	gi|16127996|ref|NP_414543.1|	438	16	SISVVVNNDDATTGVR
1840.80	gi|16127996|ref|NP_414543.1|	248	16	SMSYQEAMELSYFGAK
1324.67	gi|16127996|ref|NP_414543.1|	92	11	TFVDQEFAQIK
587.36	gi|6381999|ref|NP_009311.2|	247	6	TGGILK
889.39	gi|6381999|ref|NP_009311.2|	348	7	THYNNIE
1685.82	gi|16127996|ref|NP_414543.1|	54	16	TISGQDALPNISDAER
1741.98	gi|16127996|ref|NP_414543.1|	269	15	TITPIAQFQIPCLIK
1086.57	gi|16127996|ref|NP_414543.1|	20	10	VADILESNAR
780.40	gi|16127996|ref|NP_414543.1|	335	7	VFAAMSR
3712.81	gi|6381999|ref|NP_009311.2|	14	32	VFMETLYYYLMFNFQLMSPFGVPVPGPAPETK
1494.73	gi|6382000|ref|NP_009314.2|	29	12	VMFTTFYMITNK
3410.83	gi|16127996|ref|NP_414543.1|	454	32	VTHQMLFNTDQVIEVFVIGVGGVGGALLEQLK
862.39	gi|6381999|ref|NP_009311.2|	171	6	YDQYFK
848.41	gi|6382000|ref|NP_009314.2|	41	6	YIYIFM
826.37	gi|6381999|ref|NP_009311.2|	177	6	YNFNNR
864.47	gi|6381999|ref|NP_009311.2|	65	7	YTININK
