# PROTEIN DATABASE: test.fasta
# OPTIONS:
#	min-mass: 200.00
#	max-mass: 7200.00
#	min-length: 6
#	max-length: 50
#	enzyme: trypsin
#	digestion: full-digest
#	number of allowed missed-cleavages: 0
#	isotopic mass type: mono
#	verbosity: 30
2330.92	gi|16127996|ref|NP_414543.1|	220	19
2218.09	gi|6381999|ref|NP_009311.2|	271	18
1399.67	gi|16127996|ref|NP_414543.1|	373	11
1541.82	gi|16127996|ref|NP_414543.1|	423	15
2703.30	gi|6381999|ref|NP_009311.2|	106	22
943.45	gi|16127996|ref|NP_414543.1|	300	8
1078.59	gi|6381999|ref|NP_009311.2|	234	9
3058.40	gi|6381999|ref|NP_009311.2|	192	26
1325.72	gi|16127996|ref|NP_414543.1|	384	12
1059.60	gi|6381999|ref|NP_009311.2|	319	9
659.39	gi|6381999|ref|NP_009311.2|	140	6
1470.68	gi|6381999|ref|NP_009311.2|	153	12
794.44	gi|16127996|ref|NP_414543.1|	416	7
1107.53	gi|16127996|ref|NP_414543.1|	6	11
1000.53	gi|6381999|ref|NP_009311.2|	226	8
1286.57	gi|6381999|ref|NP_009311.2|	79	10
841.50	gi|16127996|ref|NP_414543.1|	197	8
1306.69	gi|16127996|ref|NP_414543.1|	142	12
1953.91	gi|16127996|ref|NP_414543.1|	308	19
791.38	gi|16127996|ref|NP_414543.1|	327	8
1923.90	gi|6381999|ref|NP_009311.2|	89	17
2543.31	gi|16127996|ref|NP_414543.1|	103	23
2268.29	gi|16127996|ref|NP_414543.1|	70	22
738.44	gi|6381999|ref|NP_009311.2|	128	7
1900.92	gi|16127996|ref|NP_414543.1|	179	18
1721.90	gi|16127995|ref|NP_414542.1|	4	18
2960.43	gi|16127996|ref|NP_414543.1|	344	26
1267.70	gi|16127996|ref|NP_414543.1|	43	11
1229.68	gi|16127996|ref|NP_414543.1|	396	12
1412.79	gi|6381999|ref|NP_009311.2|	307	12
2073.07	gi|16127996|ref|NP_414543.1|	154	19
2608.11	gi|6382000|ref|NP_009314.2|	1	20
1564.82	gi|6381999|ref|NP_009311.2|	1	13
1360.72	gi|16127996|ref|NP_414543.1|	129	13
758.37	gi|6381999|ref|NP_009311.2|	335	6
1566.75	gi|16127996|ref|NP_414543.1|	205	15
1954.98	gi|6381999|ref|NP_009311.2|	49	16
851.39	gi|6381999|ref|NP_009311.2|	328	7
774.40	gi|6381999|ref|NP_009311.2|	220	6
1552.80	gi|16127996|ref|NP_414543.1|	284	16
1268.71	gi|16127996|ref|NP_414543.1|	30	13
684.36	gi|16127996|ref|NP_414543.1|	239	6
1463.88	gi|6381999|ref|NP_009311.2|	292	12
972.49	gi|6381999|ref|NP_009311.2|	257	9
1645.83	gi|16127996|ref|NP_414543.1|	438	16
1840.80	gi|16127996|ref|NP_414543.1|	248	16
1324.67	gi|16127996|ref|NP_414543.1|	92	11
587.36	gi|6381999|ref|NP_009311.2|	247	6
889.39	gi|6381999|ref|NP_009311.2|	348	7
1685.82	gi|16127996|ref|NP_414543.1|	54	16
1741.98	gi|16127996|ref|NP_414543.1|	269	15
1086.57	gi|16127996|ref|NP_414543.1|	20	10
780.40	gi|16127996|ref|NP_414543.1|	335	7
3712.81	gi|6381999|ref|NP_009311.2|	14	32
1494.73	gi|6382000|ref|NP_009314.2|	29	12
3410.83	gi|16127996|ref|NP_414543.1|	454	32
862.39	gi|6381999|ref|NP_009311.2|	171	6
848.41	gi|6382000|ref|NP_009314.2|	41	6
826.37	gi|6381999|ref|NP_009311.2|	177	6
864.47	gi|6381999|ref|NP_009311.2|	65	7
